[29.929s] DEBUG:colcon:Command line arguments: ['/usr/bin/colcon', 'build']
[29.929s] DEBUG:colcon:Parsed command line arguments: Namespace(log_base=None, log_level=None, verb_name='build', build_base='build', install_base='install', merge_install=False, symlink_install=False, test_result_base=None, continue_on_error=False, executor='parallel', parallel_workers=20, event_handlers=None, ignore_user_meta=False, metas=['./colcon.meta'], base_paths=['.'], packages_ignore=None, packages_ignore_regex=None, paths=None, packages_up_to=None, packages_up_to_regex=None, packages_above=None, packages_above_and_dependencies=None, packages_above_depth=None, packages_select_by_dep=None, packages_skip_by_dep=None, packages_skip_up_to=None, packages_select_build_failed=False, packages_skip_build_finished=False, packages_select_test_failures=False, packages_skip_test_passed=False, packages_select=None, packages_skip=None, packages_select_regex=None, packages_skip_regex=None, packages_start=None, packages_end=None, allow_overriding=[], cmake_args=None, cmake_target=None, cmake_target_skip_unavailable=False, cmake_clean_cache=False, cmake_clean_first=False, cmake_force_configure=False, ament_cmake_args=None, catkin_cmake_args=None, catkin_skip_building_tests=False, mixin_files=None, mixin=None, verb_parser=<colcon_mixin.mixin.mixin_argument.MixinArgumentDecorator object at 0x7bf8a2d79430>, verb_extension=<colcon_core.verb.build.BuildVerb object at 0x7bf8a2e9dee0>, main=<bound method BuildVerb.main of <colcon_core.verb.build.BuildVerb object at 0x7bf8a2e9dee0>>, mixin_verb=('build',))
[29.988s] Level 1:colcon.colcon_core.package_discovery:discover_packages(colcon_meta) check parameters
[29.988s] Level 1:colcon.colcon_core.package_discovery:discover_packages(recursive) check parameters
[29.988s] Level 1:colcon.colcon_core.package_discovery:discover_packages(ignore) check parameters
[29.988s] Level 1:colcon.colcon_core.package_discovery:discover_packages(path) check parameters
[29.988s] Level 1:colcon.colcon_core.package_discovery:discover_packages(colcon_meta) discover
[29.988s] Level 1:colcon.colcon_core.package_discovery:discover_packages(recursive) discover
[29.988s] INFO:colcon.colcon_core.package_discovery:Crawling recursively for packages in '/home/kevin-lianhu/student-robotics-training-WK2/robot_ws'
[29.988s] Level 1:colcon.colcon_core.package_identification:_identify(.) by extensions ['ignore', 'ignore_ament_install']
[29.988s] Level 1:colcon.colcon_core.package_identification:_identify(.) by extension 'ignore'
[29.988s] Level 1:colcon.colcon_core.package_identification:_identify(.) by extension 'ignore_ament_install'
[29.988s] Level 1:colcon.colcon_core.package_identification:_identify(.) by extensions ['colcon_pkg']
[29.988s] Level 1:colcon.colcon_core.package_identification:_identify(.) by extension 'colcon_pkg'
[29.988s] Level 1:colcon.colcon_core.package_identification:_identify(.) by extensions ['colcon_meta']
[29.988s] Level 1:colcon.colcon_core.package_identification:_identify(.) by extension 'colcon_meta'
[29.988s] Level 1:colcon.colcon_core.package_identification:_identify(.) by extensions ['ros']
[29.988s] Level 1:colcon.colcon_core.package_identification:_identify(.) by extension 'ros'
[30.023s] Level 1:colcon.colcon_core.package_identification:_identify(.) by extensions ['cmake', 'python']
[30.023s] Level 1:colcon.colcon_core.package_identification:_identify(.) by extension 'cmake'
[30.023s] Level 1:colcon.colcon_core.package_identification:_identify(.) by extension 'python'
[30.023s] Level 1:colcon.colcon_core.package_identification:_identify(.) by extensions ['python_setup_py']
[30.023s] Level 1:colcon.colcon_core.package_identification:_identify(.) by extension 'python_setup_py'
[30.023s] Level 1:colcon.colcon_core.package_identification:_identify(build) by extensions ['ignore', 'ignore_ament_install']
[30.024s] Level 1:colcon.colcon_core.package_identification:_identify(build) by extension 'ignore'
[30.024s] Level 1:colcon.colcon_core.package_identification:_identify(build) ignored
[30.024s] Level 1:colcon.colcon_core.package_identification:_identify(install) by extensions ['ignore', 'ignore_ament_install']
[30.024s] Level 1:colcon.colcon_core.package_identification:_identify(install) by extension 'ignore'
[30.024s] Level 1:colcon.colcon_core.package_identification:_identify(install) ignored
[30.024s] Level 1:colcon.colcon_core.package_identification:_identify(log) by extensions ['ignore', 'ignore_ament_install']
[30.024s] Level 1:colcon.colcon_core.package_identification:_identify(log) by extension 'ignore'
[30.024s] Level 1:colcon.colcon_core.package_identification:_identify(log) ignored
[30.024s] Level 1:colcon.colcon_core.package_identification:_identify(src) by extensions ['ignore', 'ignore_ament_install']
[30.024s] Level 1:colcon.colcon_core.package_identification:_identify(src) by extension 'ignore'
[30.024s] Level 1:colcon.colcon_core.package_identification:_identify(src) by extension 'ignore_ament_install'
[30.024s] Level 1:colcon.colcon_core.package_identification:_identify(src) by extensions ['colcon_pkg']
[30.024s] Level 1:colcon.colcon_core.package_identification:_identify(src) by extension 'colcon_pkg'
[30.024s] Level 1:colcon.colcon_core.package_identification:_identify(src) by extensions ['colcon_meta']
[30.025s] Level 1:colcon.colcon_core.package_identification:_identify(src) by extension 'colcon_meta'
[30.025s] Level 1:colcon.colcon_core.package_identification:_identify(src) by extensions ['ros']
[30.025s] Level 1:colcon.colcon_core.package_identification:_identify(src) by extension 'ros'
[30.025s] Level 1:colcon.colcon_core.package_identification:_identify(src) by extensions ['cmake', 'python']
[30.025s] Level 1:colcon.colcon_core.package_identification:_identify(src) by extension 'cmake'
[30.025s] Level 1:colcon.colcon_core.package_identification:_identify(src) by extension 'python'
[30.025s] Level 1:colcon.colcon_core.package_identification:_identify(src) by extensions ['python_setup_py']
[30.025s] Level 1:colcon.colcon_core.package_identification:_identify(src) by extension 'python_setup_py'
[30.025s] Level 1:colcon.colcon_core.package_identification:_identify(src/student_robotics) by extensions ['ignore', 'ignore_ament_install']
[30.025s] Level 1:colcon.colcon_core.package_identification:_identify(src/student_robotics) by extension 'ignore'
[30.025s] Level 1:colcon.colcon_core.package_identification:_identify(src/student_robotics) by extension 'ignore_ament_install'
[30.025s] Level 1:colcon.colcon_core.package_identification:_identify(src/student_robotics) by extensions ['colcon_pkg']
[30.025s] Level 1:colcon.colcon_core.package_identification:_identify(src/student_robotics) by extension 'colcon_pkg'
[30.025s] Level 1:colcon.colcon_core.package_identification:_identify(src/student_robotics) by extensions ['colcon_meta']
[30.025s] Level 1:colcon.colcon_core.package_identification:_identify(src/student_robotics) by extension 'colcon_meta'
[30.025s] Level 1:colcon.colcon_core.package_identification:_identify(src/student_robotics) by extensions ['ros']
[30.025s] Level 1:colcon.colcon_core.package_identification:_identify(src/student_robotics) by extension 'ros'
[30.025s] Level 1:colcon.colcon_core.package_identification:_identify(src/student_robotics) by extensions ['cmake', 'python']
[30.025s] Level 1:colcon.colcon_core.package_identification:_identify(src/student_robotics) by extension 'cmake'
[30.025s] Level 1:colcon.colcon_core.package_identification:_identify(src/student_robotics) by extension 'python'
[30.026s] Level 1:colcon.colcon_core.package_identification:_identify(src/student_robotics) by extensions ['python_setup_py']
[30.026s] Level 1:colcon.colcon_core.package_identification:_identify(src/student_robotics) by extension 'python_setup_py'
[30.026s] Level 1:colcon.colcon_core.package_discovery:discover_packages(recursive) using defaults
[30.026s] Level 1:colcon.colcon_core.package_discovery:discover_packages(ignore) discover
[30.026s] Level 1:colcon.colcon_core.package_discovery:discover_packages(ignore) using defaults
[30.026s] Level 1:colcon.colcon_core.package_discovery:discover_packages(path) discover
[30.026s] Level 1:colcon.colcon_core.package_discovery:discover_packages(path) using defaults
[0.525s] Level 1:colcon.colcon_core.package_discovery:discover_packages(prefix_path) check parameters
[0.525s] Level 1:colcon.colcon_core.package_discovery:discover_packages(prefix_path) discover
[0.530s] DEBUG:colcon.colcon_installed_package_information.package_discovery:Found 287 installed packages in /opt/ros/jazzy
[0.530s] Level 1:colcon.colcon_core.package_discovery:discover_packages(prefix_path) using defaults
[0.566s] INFO:colcon.colcon_core.executor:Executing jobs using 'parallel' executor
[0.567s] DEBUG:colcon.colcon_parallel_executor.executor.parallel:run_until_complete
[0.567s] DEBUG:colcon.colcon_parallel_executor.executor.parallel:closing loop
[0.567s] DEBUG:colcon.colcon_parallel_executor.executor.parallel:loop closed
[0.567s] DEBUG:colcon.colcon_parallel_executor.executor.parallel:run_until_complete finished with '0'
[0.567s] DEBUG:colcon.colcon_core.event_reactor:joining thread
[0.653s] INFO:colcon.colcon_core.plugin_system:Skipping extension 'colcon_notification.desktop_notification.notify_send': Could not find 'notify-send'
[0.653s] INFO:colcon.colcon_core.plugin_system:Skipping extension 'colcon_notification.desktop_notification.terminal_notifier': Not used on non-Darwin systems
[0.654s] INFO:colcon.colcon_core.plugin_system:Skipping extension 'colcon_notification.desktop_notification.win32': Not used on non-Windows systems
[0.654s] INFO:colcon.colcon_notification.desktop_notification:Sending desktop notification using 'notify2'
[0.698s] DEBUG:colcon.colcon_notification.desktop_notification.notify2:Failed to initialize notify2: org.freedesktop.DBus.Error.ServiceUnknown: The name org.freedesktop.Notifications was not provided by any .service files
[0.699s] DEBUG:colcon.colcon_core.event_reactor:joined thread
[0.708s] INFO:colcon.colcon_core.plugin_system:Skipping extension 'colcon_core.shell.bat': Not used on non-Windows systems
[0.708s] INFO:colcon.colcon_core.shell:Creating prefix script '/home/kevin-lianhu/student-robotics-training-WK2/robot_ws/install/local_setup.ps1'
[0.710s] INFO:colcon.colcon_core.shell:Creating prefix util module '/home/kevin-lianhu/student-robotics-training-WK2/robot_ws/install/_local_setup_util_ps1.py'
[0.712s] INFO:colcon.colcon_core.shell:Creating prefix chain script '/home/kevin-lianhu/student-robotics-training-WK2/robot_ws/install/setup.ps1'
[0.714s] INFO:colcon.colcon_core.shell:Creating prefix script '/home/kevin-lianhu/student-robotics-training-WK2/robot_ws/install/local_setup.sh'
[0.715s] INFO:colcon.colcon_core.shell:Creating prefix util module '/home/kevin-lianhu/student-robotics-training-WK2/robot_ws/install/_local_setup_util_sh.py'
[0.717s] INFO:colcon.colcon_core.shell:Creating prefix chain script '/home/kevin-lianhu/student-robotics-training-WK2/robot_ws/install/setup.sh'
[0.718s] INFO:colcon.colcon_core.shell:Creating prefix script '/home/kevin-lianhu/student-robotics-training-WK2/robot_ws/install/local_setup.bash'
[0.719s] INFO:colcon.colcon_core.shell:Creating prefix chain script '/home/kevin-lianhu/student-robotics-training-WK2/robot_ws/install/setup.bash'
[0.720s] INFO:colcon.colcon_core.shell:Creating prefix script '/home/kevin-lianhu/student-robotics-training-WK2/robot_ws/install/local_setup.zsh'
[0.721s] INFO:colcon.colcon_core.shell:Creating prefix chain script '/home/kevin-lianhu/student-robotics-training-WK2/robot_ws/install/setup.zsh'
