[-35.228s] DEBUG:colcon:Command line arguments: ['/usr/bin/colcon', 'build']
[-35.228s] DEBUG:colcon:Parsed command line arguments: Namespace(log_base=None, log_level=None, verb_name='build', build_base='build', install_base='install', merge_install=False, symlink_install=False, test_result_base=None, continue_on_error=False, executor='parallel', parallel_workers=20, event_handlers=None, ignore_user_meta=False, metas=['./colcon.meta'], base_paths=['.'], packages_ignore=None, packages_ignore_regex=None, paths=None, packages_up_to=None, packages_up_to_regex=None, packages_above=None, packages_above_and_dependencies=None, packages_above_depth=None, packages_select_by_dep=None, packages_skip_by_dep=None, packages_skip_up_to=None, packages_select_build_failed=False, packages_skip_build_finished=False, packages_select_test_failures=False, packages_skip_test_passed=False, packages_select=None, packages_skip=None, packages_select_regex=None, packages_skip_regex=None, packages_start=None, packages_end=None, allow_overriding=[], cmake_args=None, cmake_target=None, cmake_target_skip_unavailable=False, cmake_clean_cache=False, cmake_clean_first=False, cmake_force_configure=False, ament_cmake_args=None, catkin_cmake_args=None, catkin_skip_building_tests=False, mixin_files=None, mixin=None, verb_parser=<colcon_mixin.mixin.mixin_argument.MixinArgumentDecorator object at 0x7458e61897f0>, verb_extension=<colcon_core.verb.build.BuildVerb object at 0x7458e622a240>, main=<bound method BuildVerb.main of <colcon_core.verb.build.BuildVerb object at 0x7458e622a240>>, mixin_verb=('build',))
[-35.169s] Level 1:colcon.colcon_core.package_discovery:discover_packages(colcon_meta) check parameters
[-35.168s] Level 1:colcon.colcon_core.package_discovery:discover_packages(recursive) check parameters
[-35.168s] Level 1:colcon.colcon_core.package_discovery:discover_packages(ignore) check parameters
[-35.168s] Level 1:colcon.colcon_core.package_discovery:discover_packages(path) check parameters
[-35.168s] Level 1:colcon.colcon_core.package_discovery:discover_packages(colcon_meta) discover
[-35.168s] Level 1:colcon.colcon_core.package_discovery:discover_packages(recursive) discover
[-35.168s] INFO:colcon.colcon_core.package_discovery:Crawling recursively for packages in '/home/kevin-lianhu/student-robotics-training-WK2/robot_ws'
[-35.168s] Level 1:colcon.colcon_core.package_identification:_identify(.) by extensions ['ignore', 'ignore_ament_install']
[-35.168s] Level 1:colcon.colcon_core.package_identification:_identify(.) by extension 'ignore'
[-35.168s] Level 1:colcon.colcon_core.package_identification:_identify(.) by extension 'ignore_ament_install'
[-35.168s] Level 1:colcon.colcon_core.package_identification:_identify(.) by extensions ['colcon_pkg']
[-35.168s] Level 1:colcon.colcon_core.package_identification:_identify(.) by extension 'colcon_pkg'
[-35.168s] Level 1:colcon.colcon_core.package_identification:_identify(.) by extensions ['colcon_meta']
[-35.168s] Level 1:colcon.colcon_core.package_identification:_identify(.) by extension 'colcon_meta'
[-35.168s] Level 1:colcon.colcon_core.package_identification:_identify(.) by extensions ['ros']
[-35.168s] Level 1:colcon.colcon_core.package_identification:_identify(.) by extension 'ros'
[-35.134s] Level 1:colcon.colcon_core.package_identification:_identify(.) by extensions ['cmake', 'python']
[-35.134s] Level 1:colcon.colcon_core.package_identification:_identify(.) by extension 'cmake'
[-35.134s] Level 1:colcon.colcon_core.package_identification:_identify(.) by extension 'python'
[-35.134s] Level 1:colcon.colcon_core.package_identification:_identify(.) by extensions ['python_setup_py']
[-35.134s] Level 1:colcon.colcon_core.package_identification:_identify(.) by extension 'python_setup_py'
[-35.134s] Level 1:colcon.colcon_core.package_identification:_identify(build) by extensions ['ignore', 'ignore_ament_install']
[-35.133s] Level 1:colcon.colcon_core.package_identification:_identify(build) by extension 'ignore'
[-35.133s] Level 1:colcon.colcon_core.package_identification:_identify(build) ignored
[-35.133s] Level 1:colcon.colcon_core.package_identification:_identify(install) by extensions ['ignore', 'ignore_ament_install']
[-35.133s] Level 1:colcon.colcon_core.package_identification:_identify(install) by extension 'ignore'
[-35.133s] Level 1:colcon.colcon_core.package_identification:_identify(install) ignored
[-35.133s] Level 1:colcon.colcon_core.package_identification:_identify(log) by extensions ['ignore', 'ignore_ament_install']
[-35.133s] Level 1:colcon.colcon_core.package_identification:_identify(log) by extension 'ignore'
[-35.132s] Level 1:colcon.colcon_core.package_identification:_identify(log) ignored
[-35.132s] Level 1:colcon.colcon_core.package_identification:_identify(src) by extensions ['ignore', 'ignore_ament_install']
[-35.132s] Level 1:colcon.colcon_core.package_identification:_identify(src) by extension 'ignore'
[-35.132s] Level 1:colcon.colcon_core.package_identification:_identify(src) by extension 'ignore_ament_install'
[-35.132s] Level 1:colcon.colcon_core.package_identification:_identify(src) by extensions ['colcon_pkg']
[-35.132s] Level 1:colcon.colcon_core.package_identification:_identify(src) by extension 'colcon_pkg'
[-35.132s] Level 1:colcon.colcon_core.package_identification:_identify(src) by extensions ['colcon_meta']
[-35.132s] Level 1:colcon.colcon_core.package_identification:_identify(src) by extension 'colcon_meta'
[-35.132s] Level 1:colcon.colcon_core.package_identification:_identify(src) by extensions ['ros']
[-35.132s] Level 1:colcon.colcon_core.package_identification:_identify(src) by extension 'ros'
[-35.132s] Level 1:colcon.colcon_core.package_identification:_identify(src) by extensions ['cmake', 'python']
[-35.132s] Level 1:colcon.colcon_core.package_identification:_identify(src) by extension 'cmake'
[-35.132s] Level 1:colcon.colcon_core.package_identification:_identify(src) by extension 'python'
[-35.132s] Level 1:colcon.colcon_core.package_identification:_identify(src) by extensions ['python_setup_py']
[-35.132s] Level 1:colcon.colcon_core.package_identification:_identify(src) by extension 'python_setup_py'
[-35.131s] Level 1:colcon.colcon_core.package_identification:_identify(src/student_robotics) by extensions ['ignore', 'ignore_ament_install']
[-35.131s] Level 1:colcon.colcon_core.package_identification:_identify(src/student_robotics) by extension 'ignore'
[-35.131s] Level 1:colcon.colcon_core.package_identification:_identify(src/student_robotics) by extension 'ignore_ament_install'
[-35.131s] Level 1:colcon.colcon_core.package_identification:_identify(src/student_robotics) by extensions ['colcon_pkg']
[-35.131s] Level 1:colcon.colcon_core.package_identification:_identify(src/student_robotics) by extension 'colcon_pkg'
[-35.131s] Level 1:colcon.colcon_core.package_identification:_identify(src/student_robotics) by extensions ['colcon_meta']
[-35.131s] Level 1:colcon.colcon_core.package_identification:_identify(src/student_robotics) by extension 'colcon_meta'
[-35.131s] Level 1:colcon.colcon_core.package_identification:_identify(src/student_robotics) by extensions ['ros']
[-35.131s] Level 1:colcon.colcon_core.package_identification:_identify(src/student_robotics) by extension 'ros'
[-35.128s] DEBUG:colcon.colcon_core.package_identification:Package 'src/student_robotics' with type 'ros.ament_python' and name 'student_robotics'
[-35.128s] Level 1:colcon.colcon_core.package_discovery:discover_packages(recursive) using defaults
[-35.128s] Level 1:colcon.colcon_core.package_discovery:discover_packages(ignore) discover
[-35.128s] Level 1:colcon.colcon_core.package_discovery:discover_packages(ignore) using defaults
[-35.128s] Level 1:colcon.colcon_core.package_discovery:discover_packages(path) discover
[-35.128s] Level 1:colcon.colcon_core.package_discovery:discover_packages(path) using defaults
[-35.094s] Level 1:colcon.colcon_core.package_discovery:discover_packages(prefix_path) check parameters
[-35.094s] Level 1:colcon.colcon_core.package_discovery:discover_packages(prefix_path) discover
[-35.090s] DEBUG:colcon.colcon_installed_package_information.package_discovery:Found 1 installed packages in /home/kevin-lianhu/student-robotics-training-WK2/robot_ws/install
[-35.088s] DEBUG:colcon.colcon_installed_package_information.package_discovery:Found 287 installed packages in /opt/ros/jazzy
[-35.087s] Level 1:colcon.colcon_core.package_discovery:discover_packages(prefix_path) using defaults
[-34.996s] Level 5:colcon.colcon_core.verb:set package 'student_robotics' build argument 'cmake_args' from command line to 'None'
[-34.996s] Level 5:colcon.colcon_core.verb:set package 'student_robotics' build argument 'cmake_target' from command line to 'None'
[-34.996s] Level 5:colcon.colcon_core.verb:set package 'student_robotics' build argument 'cmake_target_skip_unavailable' from command line to 'False'
[-34.996s] Level 5:colcon.colcon_core.verb:set package 'student_robotics' build argument 'cmake_clean_cache' from command line to 'False'
[-34.996s] Level 5:colcon.colcon_core.verb:set package 'student_robotics' build argument 'cmake_clean_first' from command line to 'False'
[-34.996s] Level 5:colcon.colcon_core.verb:set package 'student_robotics' build argument 'cmake_force_configure' from command line to 'False'
[-34.996s] Level 5:colcon.colcon_core.verb:set package 'student_robotics' build argument 'ament_cmake_args' from command line to 'None'
[-34.996s] Level 5:colcon.colcon_core.verb:set package 'student_robotics' build argument 'catkin_cmake_args' from command line to 'None'
[-34.996s] Level 5:colcon.colcon_core.verb:set package 'student_robotics' build argument 'catkin_skip_building_tests' from command line to 'False'
[-34.996s] DEBUG:colcon.colcon_core.verb:Building package 'student_robotics' with the following arguments: {'ament_cmake_args': None, 'build_base': '/home/kevin-lianhu/student-robotics-training-WK2/robot_ws/build/student_robotics', 'catkin_cmake_args': None, 'catkin_skip_building_tests': False, 'cmake_args': None, 'cmake_clean_cache': False, 'cmake_clean_first': False, 'cmake_force_configure': False, 'cmake_target': None, 'cmake_target_skip_unavailable': False, 'install_base': '/home/kevin-lianhu/student-robotics-training-WK2/robot_ws/install/student_robotics', 'merge_install': False, 'path': '/home/kevin-lianhu/student-robotics-training-WK2/robot_ws/src/student_robotics', 'symlink_install': False, 'test_result_base': None}
[-34.996s] INFO:colcon.colcon_core.executor:Executing jobs using 'parallel' executor
[-34.995s] DEBUG:colcon.colcon_parallel_executor.executor.parallel:run_until_complete
[-34.994s] INFO:colcon.colcon_ros.task.ament_python.build:Building ROS package in '/home/kevin-lianhu/student-robotics-training-WK2/robot_ws/src/student_robotics' with build type 'ament_python'
[-34.994s] Level 1:colcon.colcon_core.shell:create_environment_hook('student_robotics', 'ament_prefix_path')
[-34.990s] INFO:colcon.colcon_core.plugin_system:Skipping extension 'colcon_core.shell.bat': Not used on non-Windows systems
[-34.990s] INFO:colcon.colcon_core.shell:Creating environment hook '/home/kevin-lianhu/student-robotics-training-WK2/robot_ws/install/student_robotics/share/student_robotics/hook/ament_prefix_path.ps1'
[-34.989s] INFO:colcon.colcon_core.shell:Creating environment descriptor '/home/kevin-lianhu/student-robotics-training-WK2/robot_ws/install/student_robotics/share/student_robotics/hook/ament_prefix_path.dsv'
[-34.988s] INFO:colcon.colcon_core.shell:Creating environment hook '/home/kevin-lianhu/student-robotics-training-WK2/robot_ws/install/student_robotics/share/student_robotics/hook/ament_prefix_path.sh'
[-34.987s] INFO:colcon.colcon_core.shell:Skip shell extension 'powershell' for command environment: Not usable outside of PowerShell
[-34.987s] DEBUG:colcon.colcon_core.shell:Skip shell extension 'dsv' for command environment
[-34.760s] INFO:colcon.colcon_core.task.python.build:Building Python package in '/home/kevin-lianhu/student-robotics-training-WK2/robot_ws/src/student_robotics'
[-34.760s] INFO:colcon.colcon_core.shell:Skip shell extension 'powershell' for command environment: Not usable outside of PowerShell
[-34.760s] DEBUG:colcon.colcon_core.shell:Skip shell extension 'dsv' for command environment
[-33.952s] DEBUG:colcon.colcon_core.task.python.build:Available setuptools commands: install_headers, compile_catalog, build_py, bdist_rpm, build, develop, init_catalog, bdist, install_scripts, build_clib, install_lib, sdist, bdist_dumb, build_scripts, upload_docs, setopt, rotate, update_catalog, clean, dist_info, upload, bdist_wheel, register, check, easy_install, editable_wheel, egg_info, test, install_egg_info, symlink_data, bdist_egg, install, saveopts, install_data, alias, build_ext, extract_messages
[-33.949s] DEBUG:colcon.colcon_core.event_handler.log_command:Invoking command in '/home/kevin-lianhu/student-robotics-training-WK2/robot_ws/src/student_robotics': PYTHONPATH=/home/kevin-lianhu/student-robotics-training-WK2/robot_ws/build/student_robotics/prefix_override:/usr/lib/python3/dist-packages/colcon_core/task/python/colcon_distutils_commands:/home/kevin-lianhu/student-robotics-training-WK2/robot_ws/install/student_robotics/lib/python3.12/site-packages:${PYTHONPATH} /usr/bin/python3 -W ignore:setup.py install is deprecated -W ignore:easy_install command is deprecated setup.py egg_info --egg-base ../../build/student_robotics build --build-base /home/kevin-lianhu/student-robotics-training-WK2/robot_ws/build/student_robotics/build install --record /home/kevin-lianhu/student-robotics-training-WK2/robot_ws/build/student_robotics/install.log --install-scripts $base/lib/student_robotics --single-version-externally-managed install_data
[-33.384s] DEBUG:colcon.colcon_core.event_handler.log_command:Invoked command in '/home/kevin-lianhu/student-robotics-training-WK2/robot_ws/src/student_robotics' returned '0': PYTHONPATH=/home/kevin-lianhu/student-robotics-training-WK2/robot_ws/build/student_robotics/prefix_override:/usr/lib/python3/dist-packages/colcon_core/task/python/colcon_distutils_commands:/home/kevin-lianhu/student-robotics-training-WK2/robot_ws/install/student_robotics/lib/python3.12/site-packages:${PYTHONPATH} /usr/bin/python3 -W ignore:setup.py install is deprecated -W ignore:easy_install command is deprecated setup.py egg_info --egg-base ../../build/student_robotics build --build-base /home/kevin-lianhu/student-robotics-training-WK2/robot_ws/build/student_robotics/build install --record /home/kevin-lianhu/student-robotics-training-WK2/robot_ws/build/student_robotics/install.log --install-scripts $base/lib/student_robotics --single-version-externally-managed install_data
[-33.377s] Level 1:colcon.colcon_core.environment:checking '/home/kevin-lianhu/student-robotics-training-WK2/robot_ws/install/student_robotics' for CMake module files
[-33.377s] Level 1:colcon.colcon_core.environment:checking '/home/kevin-lianhu/student-robotics-training-WK2/robot_ws/install/student_robotics' for CMake config files
[-33.375s] Level 1:colcon.colcon_core.environment:checking '/home/kevin-lianhu/student-robotics-training-WK2/robot_ws/install/student_robotics/lib'
[-33.375s] Level 1:colcon.colcon_core.environment:checking '/home/kevin-lianhu/student-robotics-training-WK2/robot_ws/install/student_robotics/bin'
[-33.374s] Level 1:colcon.colcon_core.environment:checking '/home/kevin-lianhu/student-robotics-training-WK2/robot_ws/install/student_robotics/lib/pkgconfig/student_robotics.pc'
[-33.374s] Level 1:colcon.colcon_core.environment:checking '/home/kevin-lianhu/student-robotics-training-WK2/robot_ws/install/student_robotics/lib/python3.12/site-packages'
[-33.374s] Level 1:colcon.colcon_core.shell:create_environment_hook('student_robotics', 'pythonpath')
[-33.374s] INFO:colcon.colcon_core.shell:Creating environment hook '/home/kevin-lianhu/student-robotics-training-WK2/robot_ws/install/student_robotics/share/student_robotics/hook/pythonpath.ps1'
[-33.373s] INFO:colcon.colcon_core.shell:Creating environment descriptor '/home/kevin-lianhu/student-robotics-training-WK2/robot_ws/install/student_robotics/share/student_robotics/hook/pythonpath.dsv'
[-33.373s] INFO:colcon.colcon_core.shell:Creating environment hook '/home/kevin-lianhu/student-robotics-training-WK2/robot_ws/install/student_robotics/share/student_robotics/hook/pythonpath.sh'
[-33.373s] Level 1:colcon.colcon_core.environment:checking '/home/kevin-lianhu/student-robotics-training-WK2/robot_ws/install/student_robotics/bin'
[-33.372s] Level 1:colcon.colcon_core.environment:create_environment_scripts_only(student_robotics)
[-33.372s] INFO:colcon.colcon_core.shell:Creating package script '/home/kevin-lianhu/student-robotics-training-WK2/robot_ws/install/student_robotics/share/student_robotics/package.ps1'
[-33.371s] INFO:colcon.colcon_core.shell:Creating package descriptor '/home/kevin-lianhu/student-robotics-training-WK2/robot_ws/install/student_robotics/share/student_robotics/package.dsv'
[-33.370s] INFO:colcon.colcon_core.shell:Creating package script '/home/kevin-lianhu/student-robotics-training-WK2/robot_ws/install/student_robotics/share/student_robotics/package.sh'
[-33.369s] INFO:colcon.colcon_core.shell:Creating package script '/home/kevin-lianhu/student-robotics-training-WK2/robot_ws/install/student_robotics/share/student_robotics/package.bash'
[-33.369s] INFO:colcon.colcon_core.shell:Creating package script '/home/kevin-lianhu/student-robotics-training-WK2/robot_ws/install/student_robotics/share/student_robotics/package.zsh'
[-33.368s] Level 1:colcon.colcon_core.environment:create_file_with_runtime_dependencies(/home/kevin-lianhu/student-robotics-training-WK2/robot_ws/install/student_robotics/share/colcon-core/packages/student_robotics)
[-33.368s] DEBUG:colcon.colcon_parallel_executor.executor.parallel:closing loop
[-33.367s] DEBUG:colcon.colcon_parallel_executor.executor.parallel:loop closed
[-33.367s] DEBUG:colcon.colcon_parallel_executor.executor.parallel:run_until_complete finished with '0'
[-33.367s] DEBUG:colcon.colcon_core.event_reactor:joining thread
[-33.285s] INFO:colcon.colcon_core.plugin_system:Skipping extension 'colcon_notification.desktop_notification.notify_send': Could not find 'notify-send'
[-33.285s] INFO:colcon.colcon_core.plugin_system:Skipping extension 'colcon_notification.desktop_notification.terminal_notifier': Not used on non-Darwin systems
[-33.285s] INFO:colcon.colcon_core.plugin_system:Skipping extension 'colcon_notification.desktop_notification.win32': Not used on non-Windows systems
[-33.285s] INFO:colcon.colcon_notification.desktop_notification:Sending desktop notification using 'notify2'
[-33.281s] DEBUG:colcon.colcon_notification.desktop_notification.notify2:Failed to initialize notify2: org.freedesktop.DBus.Error.ServiceUnknown: The name org.freedesktop.Notifications was not provided by any .service files
[-33.281s] DEBUG:colcon.colcon_core.event_reactor:joined thread
[-33.281s] INFO:colcon.colcon_core.shell:Creating prefix script '/home/kevin-lianhu/student-robotics-training-WK2/robot_ws/install/local_setup.ps1'
[-33.279s] INFO:colcon.colcon_core.shell:Creating prefix util module '/home/kevin-lianhu/student-robotics-training-WK2/robot_ws/install/_local_setup_util_ps1.py'
[-33.278s] INFO:colcon.colcon_core.shell:Creating prefix chain script '/home/kevin-lianhu/student-robotics-training-WK2/robot_ws/install/setup.ps1'
[-33.277s] INFO:colcon.colcon_core.shell:Creating prefix script '/home/kevin-lianhu/student-robotics-training-WK2/robot_ws/install/local_setup.sh'
[-33.276s] INFO:colcon.colcon_core.shell:Creating prefix util module '/home/kevin-lianhu/student-robotics-training-WK2/robot_ws/install/_local_setup_util_sh.py'
[-33.275s] INFO:colcon.colcon_core.shell:Creating prefix chain script '/home/kevin-lianhu/student-robotics-training-WK2/robot_ws/install/setup.sh'
[-33.274s] INFO:colcon.colcon_core.shell:Creating prefix script '/home/kevin-lianhu/student-robotics-training-WK2/robot_ws/install/local_setup.bash'
[-33.273s] INFO:colcon.colcon_core.shell:Creating prefix chain script '/home/kevin-lianhu/student-robotics-training-WK2/robot_ws/install/setup.bash'
[-33.272s] INFO:colcon.colcon_core.shell:Creating prefix script '/home/kevin-lianhu/student-robotics-training-WK2/robot_ws/install/local_setup.zsh'
[-33.272s] INFO:colcon.colcon_core.shell:Creating prefix chain script '/home/kevin-lianhu/student-robotics-training-WK2/robot_ws/install/setup.zsh'
