[2.093s] Invoking command in '/home/kevin-lianhu/student-robotics-training-WK2/robot_ws/src/student_robotics': PYTHONPATH=/home/kevin-lianhu/student-robotics-training-WK2/robot_ws/build/student_robotics/prefix_override:/usr/lib/python3/dist-packages/colcon_core/task/python/colcon_distutils_commands:/home/kevin-lianhu/student-robotics-training-WK2/robot_ws/install/student_robotics/lib/python3.12/site-packages:${PYTHONPATH} /usr/bin/python3 -W ignore:setup.py install is deprecated -W ignore:easy_install command is deprecated setup.py egg_info --egg-base ../../build/student_robotics build --build-base /home/kevin-lianhu/student-robotics-training-WK2/robot_ws/build/student_robotics/build install --record /home/kevin-lianhu/student-robotics-training-WK2/robot_ws/build/student_robotics/install.log --install-scripts $base/lib/student_robotics --single-version-externally-managed install_data
[2.471s] running egg_info
[2.472s] creating ../../build/student_robotics/student_robotics.egg-info
[2.492s] writing ../../build/student_robotics/student_robotics.egg-info/PKG-INFO
[2.492s] writing dependency_links to ../../build/student_robotics/student_robotics.egg-info/dependency_links.txt
[2.493s] writing requirements to ../../build/student_robotics/student_robotics.egg-info/requires.txt
[2.493s] writing top-level names to ../../build/student_robotics/student_robotics.egg-info/top_level.txt
[2.493s] writing manifest file '../../build/student_robotics/student_robotics.egg-info/SOURCES.txt'
[2.546s] reading manifest file '../../build/student_robotics/student_robotics.egg-info/SOURCES.txt'
[2.547s] writing manifest file '../../build/student_robotics/student_robotics.egg-info/SOURCES.txt'
[2.548s] running build
[2.548s] running build_py
[2.548s] creating /home/kevin-lianhu/student-robotics-training-WK2/robot_ws/build/student_robotics/build
[2.549s] creating /home/kevin-lianhu/student-robotics-training-WK2/robot_ws/build/student_robotics/build/lib
[2.549s] creating /home/kevin-lianhu/student-robotics-training-WK2/robot_ws/build/student_robotics/build/lib/student_robotics
[2.550s] copying student_robotics/__init__.py -> /home/kevin-lianhu/student-robotics-training-WK2/robot_ws/build/student_robotics/build/lib/student_robotics
[2.550s] running install
[2.559s] running install_lib
[2.581s] creating /home/kevin-lianhu/student-robotics-training-WK2/robot_ws/install/student_robotics/lib/python3.12/site-packages/student_robotics
[2.581s] copying /home/kevin-lianhu/student-robotics-training-WK2/robot_ws/build/student_robotics/build/lib/student_robotics/__init__.py -> /home/kevin-lianhu/student-robotics-training-WK2/robot_ws/install/student_robotics/lib/python3.12/site-packages/student_robotics
[2.582s] byte-compiling /home/kevin-lianhu/student-robotics-training-WK2/robot_ws/install/student_robotics/lib/python3.12/site-packages/student_robotics/__init__.py to __init__.cpython-312.pyc
[2.583s] running install_data
[2.584s] creating /home/kevin-lianhu/student-robotics-training-WK2/robot_ws/install/student_robotics/share/ament_index
[2.584s] creating /home/kevin-lianhu/student-robotics-training-WK2/robot_ws/install/student_robotics/share/ament_index/resource_index
[2.585s] creating /home/kevin-lianhu/student-robotics-training-WK2/robot_ws/install/student_robotics/share/ament_index/resource_index/packages
[2.585s] copying resource/student_robotics -> /home/kevin-lianhu/student-robotics-training-WK2/robot_ws/install/student_robotics/share/ament_index/resource_index/packages
[2.585s] copying package.xml -> /home/kevin-lianhu/student-robotics-training-WK2/robot_ws/install/student_robotics/share/student_robotics
[2.585s] running install_egg_info
[2.609s] Copying ../../build/student_robotics/student_robotics.egg-info to /home/kevin-lianhu/student-robotics-training-WK2/robot_ws/install/student_robotics/lib/python3.12/site-packages/student_robotics-0.0.0-py3.12.egg-info
[2.610s] running install_scripts
[2.774s] writing list of installed files to '/home/kevin-lianhu/student-robotics-training-WK2/robot_ws/build/student_robotics/install.log'
[2.808s] Invoked command in '/home/kevin-lianhu/student-robotics-training-WK2/robot_ws/src/student_robotics' returned '0': PYTHONPATH=/home/kevin-lianhu/student-robotics-training-WK2/robot_ws/build/student_robotics/prefix_override:/usr/lib/python3/dist-packages/colcon_core/task/python/colcon_distutils_commands:/home/kevin-lianhu/student-robotics-training-WK2/robot_ws/install/student_robotics/lib/python3.12/site-packages:${PYTHONPATH} /usr/bin/python3 -W ignore:setup.py install is deprecated -W ignore:easy_install command is deprecated setup.py egg_info --egg-base ../../build/student_robotics build --build-base /home/kevin-lianhu/student-robotics-training-WK2/robot_ws/build/student_robotics/build install --record /home/kevin-lianhu/student-robotics-training-WK2/robot_ws/build/student_robotics/install.log --install-scripts $base/lib/student_robotics --single-version-externally-managed install_data
