/home/kevin-lianhu/student-robotics-training-WK2/robot_ws/install/student_robotics/lib/python3.12/site-packages/student_robotics/status_publisher.py
/home/kevin-lianhu/student-robotics-training-WK2/robot_ws/install/student_robotics/lib/python3.12/site-packages/student_robotics/my_node.py
/home/kevin-lianhu/student-robotics-training-WK2/robot_ws/install/student_robotics/lib/python3.12/site-packages/student_robotics/status_subscriber.py
/home/kevin-lianhu/student-robotics-training-WK2/robot_ws/install/student_robotics/lib/python3.12/site-packages/student_robotics/__init__.py
/home/kevin-lianhu/student-robotics-training-WK2/robot_ws/install/student_robotics/lib/python3.12/site-packages/student_robotics/__pycache__/status_publisher.cpython-312.pyc
/home/kevin-lianhu/student-robotics-training-WK2/robot_ws/install/student_robotics/lib/python3.12/site-packages/student_robotics/__pycache__/my_node.cpython-312.pyc
/home/kevin-lianhu/student-robotics-training-WK2/robot_ws/install/student_robotics/lib/python3.12/site-packages/student_robotics/__pycache__/status_subscriber.cpython-312.pyc
/home/kevin-lianhu/student-robotics-training-WK2/robot_ws/install/student_robotics/lib/python3.12/site-packages/student_robotics/__pycache__/__init__.cpython-312.pyc
/home/kevin-lianhu/student-robotics-training-WK2/robot_ws/install/student_robotics/share/ament_index/resource_index/packages/student_robotics
/home/kevin-lianhu/student-robotics-training-WK2/robot_ws/install/student_robotics/share/student_robotics/package.xml
/home/kevin-lianhu/student-robotics-training-WK2/robot_ws/install/student_robotics/lib/python3.12/site-packages/student_robotics-0.0.0-py3.12.egg-info/requires.txt
/home/kevin-lianhu/student-robotics-training-WK2/robot_ws/install/student_robotics/lib/python3.12/site-packages/student_robotics-0.0.0-py3.12.egg-info/top_level.txt
/home/kevin-lianhu/student-robotics-training-WK2/robot_ws/install/student_robotics/lib/python3.12/site-packages/student_robotics-0.0.0-py3.12.egg-info/PKG-INFO
/home/kevin-lianhu/student-robotics-training-WK2/robot_ws/install/student_robotics/lib/python3.12/site-packages/student_robotics-0.0.0-py3.12.egg-info/dependency_links.txt
/home/kevin-lianhu/student-robotics-training-WK2/robot_ws/install/student_robotics/lib/python3.12/site-packages/student_robotics-0.0.0-py3.12.egg-info/zip-safe
/home/kevin-lianhu/student-robotics-training-WK2/robot_ws/install/student_robotics/lib/python3.12/site-packages/student_robotics-0.0.0-py3.12.egg-info/SOURCES.txt
/home/kevin-lianhu/student-robotics-training-WK2/robot_ws/install/student_robotics/lib/python3.12/site-packages/student_robotics-0.0.0-py3.12.egg-info/entry_points.txt
/home/kevin-lianhu/student-robotics-training-WK2/robot_ws/install/student_robotics/lib/student_robotics/my_node
/home/kevin-lianhu/student-robotics-training-WK2/robot_ws/install/student_robotics/lib/student_robotics/status_publisher
/home/kevin-lianhu/student-robotics-training-WK2/robot_ws/install/student_robotics/lib/student_robotics/status_subscriber
