[1.143s] DEBUG:colcon:Command line arguments: ['/usr/bin/colcon', 'build', '--packages-select', 'student_robotics']
[1.143s] DEBUG:colcon:Parsed command line arguments: Namespace(log_base=None, log_level=None, verb_name='build', build_base='build', install_base='install', merge_install=False, symlink_install=False, test_result_base=None, continue_on_error=False, executor='parallel', parallel_workers=20, event_handlers=None, ignore_user_meta=False, metas=['./colcon.meta'], base_paths=['.'], packages_ignore=None, packages_ignore_regex=None, paths=None, packages_up_to=None, packages_up_to_regex=None, packages_above=None, packages_above_and_dependencies=None, packages_above_depth=None, packages_select_by_dep=None, packages_skip_by_dep=None, packages_skip_up_to=None, packages_select_build_failed=False, packages_skip_build_finished=False, packages_select_test_failures=False, packages_skip_test_passed=False, packages_select=['student_robotics'], packages_skip=None, packages_select_regex=None, packages_skip_regex=None, packages_start=None, packages_end=None, allow_overriding=[], cmake_args=None, cmake_target=None, cmake_target_skip_unavailable=False, cmake_clean_cache=False, cmake_clean_first=False, cmake_force_configure=False, ament_cmake_args=None, catkin_cmake_args=None, catkin_skip_building_tests=False, mixin_files=None, mixin=None, verb_parser=<colcon_mixin.mixin.mixin_argument.MixinArgumentDecorator object at 0x710ee8a897c0>, verb_extension=<colcon_core.verb.build.BuildVerb object at 0x710ee8bb20c0>, main=<bound method BuildVerb.main of <colcon_core.verb.build.BuildVerb object at 0x710ee8bb20c0>>, mixin_verb=('build',))
[1.251s] Level 1:colcon.colcon_core.package_discovery:discover_packages(colcon_meta) check parameters
[1.251s] Level 1:colcon.colcon_core.package_discovery:discover_packages(recursive) check parameters
[1.251s] Level 1:colcon.colcon_core.package_discovery:discover_packages(ignore) check parameters
[1.251s] Level 1:colcon.colcon_core.package_discovery:discover_packages(path) check parameters
[1.251s] Level 1:colcon.colcon_core.package_discovery:discover_packages(colcon_meta) discover
[1.251s] Level 1:colcon.colcon_core.package_discovery:discover_packages(recursive) discover
[1.251s] INFO:colcon.colcon_core.package_discovery:Crawling recursively for packages in '/home/kevin-lianhu/student-robotics-training-WK2/robot_ws'
[1.251s] Level 1:colcon.colcon_core.package_identification:_identify(.) by extensions ['ignore', 'ignore_ament_install']
[1.252s] Level 1:colcon.colcon_core.package_identification:_identify(.) by extension 'ignore'
[1.252s] Level 1:colcon.colcon_core.package_identification:_identify(.) by extension 'ignore_ament_install'
[1.252s] Level 1:colcon.colcon_core.package_identification:_identify(.) by extensions ['colcon_pkg']
[1.252s] Level 1:colcon.colcon_core.package_identification:_identify(.) by extension 'colcon_pkg'
[1.252s] Level 1:colcon.colcon_core.package_identification:_identify(.) by extensions ['colcon_meta']
[1.252s] Level 1:colcon.colcon_core.package_identification:_identify(.) by extension 'colcon_meta'
[1.253s] Level 1:colcon.colcon_core.package_identification:_identify(.) by extensions ['ros']
[1.253s] Level 1:colcon.colcon_core.package_identification:_identify(.) by extension 'ros'
[1.305s] Level 1:colcon.colcon_core.package_identification:_identify(.) by extensions ['cmake', 'python']
[1.305s] Level 1:colcon.colcon_core.package_identification:_identify(.) by extension 'cmake'
[1.305s] Level 1:colcon.colcon_core.package_identification:_identify(.) by extension 'python'
[1.305s] Level 1:colcon.colcon_core.package_identification:_identify(.) by extensions ['python_setup_py']
[1.305s] Level 1:colcon.colcon_core.package_identification:_identify(.) by extension 'python_setup_py'
[1.305s] Level 1:colcon.colcon_core.package_identification:_identify(build) by extensions ['ignore', 'ignore_ament_install']
[1.305s] Level 1:colcon.colcon_core.package_identification:_identify(build) by extension 'ignore'
[1.306s] Level 1:colcon.colcon_core.package_identification:_identify(build) ignored
[1.306s] Level 1:colcon.colcon_core.package_identification:_identify(install) by extensions ['ignore', 'ignore_ament_install']
[1.306s] Level 1:colcon.colcon_core.package_identification:_identify(install) by extension 'ignore'
[1.306s] Level 1:colcon.colcon_core.package_identification:_identify(install) ignored
[1.306s] Level 1:colcon.colcon_core.package_identification:_identify(log) by extensions ['ignore', 'ignore_ament_install']
[1.306s] Level 1:colcon.colcon_core.package_identification:_identify(log) by extension 'ignore'
[1.306s] Level 1:colcon.colcon_core.package_identification:_identify(log) ignored
[1.306s] Level 1:colcon.colcon_core.package_identification:_identify(src) by extensions ['ignore', 'ignore_ament_install']
[1.306s] Level 1:colcon.colcon_core.package_identification:_identify(src) by extension 'ignore'
[1.306s] Level 1:colcon.colcon_core.package_identification:_identify(src) by extension 'ignore_ament_install'
[1.306s] Level 1:colcon.colcon_core.package_identification:_identify(src) by extensions ['colcon_pkg']
[1.306s] Level 1:colcon.colcon_core.package_identification:_identify(src) by extension 'colcon_pkg'
[1.306s] Level 1:colcon.colcon_core.package_identification:_identify(src) by extensions ['colcon_meta']
[1.307s] Level 1:colcon.colcon_core.package_identification:_identify(src) by extension 'colcon_meta'
[1.307s] Level 1:colcon.colcon_core.package_identification:_identify(src) by extensions ['ros']
[1.307s] Level 1:colcon.colcon_core.package_identification:_identify(src) by extension 'ros'
[1.307s] Level 1:colcon.colcon_core.package_identification:_identify(src) by extensions ['cmake', 'python']
[1.307s] Level 1:colcon.colcon_core.package_identification:_identify(src) by extension 'cmake'
[1.307s] Level 1:colcon.colcon_core.package_identification:_identify(src) by extension 'python'
[1.307s] Level 1:colcon.colcon_core.package_identification:_identify(src) by extensions ['python_setup_py']
[1.307s] Level 1:colcon.colcon_core.package_identification:_identify(src) by extension 'python_setup_py'
[1.307s] Level 1:colcon.colcon_core.package_identification:_identify(src/student_robotics) by extensions ['ignore', 'ignore_ament_install']
[1.307s] Level 1:colcon.colcon_core.package_identification:_identify(src/student_robotics) by extension 'ignore'
[1.307s] Level 1:colcon.colcon_core.package_identification:_identify(src/student_robotics) by extension 'ignore_ament_install'
[1.307s] Level 1:colcon.colcon_core.package_identification:_identify(src/student_robotics) by extensions ['colcon_pkg']
[1.307s] Level 1:colcon.colcon_core.package_identification:_identify(src/student_robotics) by extension 'colcon_pkg'
[1.307s] Level 1:colcon.colcon_core.package_identification:_identify(src/student_robotics) by extensions ['colcon_meta']
[1.307s] Level 1:colcon.colcon_core.package_identification:_identify(src/student_robotics) by extension 'colcon_meta'
[1.307s] Level 1:colcon.colcon_core.package_identification:_identify(src/student_robotics) by extensions ['ros']
[1.307s] Level 1:colcon.colcon_core.package_identification:_identify(src/student_robotics) by extension 'ros'
[1.312s] DEBUG:colcon.colcon_core.package_identification:Package 'src/student_robotics' with type 'ros.ament_python' and name 'student_robotics'
[1.312s] Level 1:colcon.colcon_core.package_discovery:discover_packages(recursive) using defaults
[1.313s] Level 1:colcon.colcon_core.package_discovery:discover_packages(ignore) discover
[1.313s] Level 1:colcon.colcon_core.package_discovery:discover_packages(ignore) using defaults
[1.313s] Level 1:colcon.colcon_core.package_discovery:discover_packages(path) discover
[1.313s] Level 1:colcon.colcon_core.package_discovery:discover_packages(path) using defaults
[1.363s] Level 1:colcon.colcon_core.package_discovery:discover_packages(prefix_path) check parameters
[1.363s] Level 1:colcon.colcon_core.package_discovery:discover_packages(prefix_path) discover
[1.372s] DEBUG:colcon.colcon_installed_package_information.package_discovery:Found 1 installed packages in /home/kevin-lianhu/student-robotics-training-WK2/robot_ws/install
[1.376s] DEBUG:colcon.colcon_installed_package_information.package_discovery:Found 287 installed packages in /opt/ros/jazzy
[1.378s] Level 1:colcon.colcon_core.package_discovery:discover_packages(prefix_path) using defaults
[1.504s] Level 5:colcon.colcon_core.verb:set package 'student_robotics' build argument 'cmake_args' from command line to 'None'
[1.504s] Level 5:colcon.colcon_core.verb:set package 'student_robotics' build argument 'cmake_target' from command line to 'None'
[1.504s] Level 5:colcon.colcon_core.verb:set package 'student_robotics' build argument 'cmake_target_skip_unavailable' from command line to 'False'
[1.504s] Level 5:colcon.colcon_core.verb:set package 'student_robotics' build argument 'cmake_clean_cache' from command line to 'False'
[1.504s] Level 5:colcon.colcon_core.verb:set package 'student_robotics' build argument 'cmake_clean_first' from command line to 'False'
[1.504s] Level 5:colcon.colcon_core.verb:set package 'student_robotics' build argument 'cmake_force_configure' from command line to 'False'
[1.504s] Level 5:colcon.colcon_core.verb:set package 'student_robotics' build argument 'ament_cmake_args' from command line to 'None'
[1.504s] Level 5:colcon.colcon_core.verb:set package 'student_robotics' build argument 'catkin_cmake_args' from command line to 'None'
[1.504s] Level 5:colcon.colcon_core.verb:set package 'student_robotics' build argument 'catkin_skip_building_tests' from command line to 'False'
[1.504s] DEBUG:colcon.colcon_core.verb:Building package 'student_robotics' with the following arguments: {'ament_cmake_args': None, 'build_base': '/home/kevin-lianhu/student-robotics-training-WK2/robot_ws/build/student_robotics', 'catkin_cmake_args': None, 'catkin_skip_building_tests': False, 'cmake_args': None, 'cmake_clean_cache': False, 'cmake_clean_first': False, 'cmake_force_configure': False, 'cmake_target': None, 'cmake_target_skip_unavailable': False, 'install_base': '/home/kevin-lianhu/student-robotics-training-WK2/robot_ws/install/student_robotics', 'merge_install': False, 'path': '/home/kevin-lianhu/student-robotics-training-WK2/robot_ws/src/student_robotics', 'symlink_install': False, 'test_result_base': None}
[1.504s] INFO:colcon.colcon_core.executor:Executing jobs using 'parallel' executor
[1.506s] DEBUG:colcon.colcon_parallel_executor.executor.parallel:run_until_complete
[1.506s] INFO:colcon.colcon_ros.task.ament_python.build:Building ROS package in '/home/kevin-lianhu/student-robotics-training-WK2/robot_ws/src/student_robotics' with build type 'ament_python'
[1.506s] Level 1:colcon.colcon_core.shell:create_environment_hook('student_robotics', 'ament_prefix_path')
[1.514s] INFO:colcon.colcon_core.plugin_system:Skipping extension 'colcon_core.shell.bat': Not used on non-Windows systems
[1.514s] INFO:colcon.colcon_core.shell:Creating environment hook '/home/kevin-lianhu/student-robotics-training-WK2/robot_ws/install/student_robotics/share/student_robotics/hook/ament_prefix_path.ps1'
[1.516s] INFO:colcon.colcon_core.shell:Creating environment descriptor '/home/kevin-lianhu/student-robotics-training-WK2/robot_ws/install/student_robotics/share/student_robotics/hook/ament_prefix_path.dsv'
[1.517s] INFO:colcon.colcon_core.shell:Creating environment hook '/home/kevin-lianhu/student-robotics-training-WK2/robot_ws/install/student_robotics/share/student_robotics/hook/ament_prefix_path.sh'
[1.519s] INFO:colcon.colcon_core.shell:Skip shell extension 'powershell' for command environment: Not usable outside of PowerShell
[1.519s] DEBUG:colcon.colcon_core.shell:Skip shell extension 'dsv' for command environment
[1.843s] INFO:colcon.colcon_core.task.python.build:Building Python package in '/home/kevin-lianhu/student-robotics-training-WK2/robot_ws/src/student_robotics'
[1.843s] INFO:colcon.colcon_core.shell:Skip shell extension 'powershell' for command environment: Not usable outside of PowerShell
[1.843s] DEBUG:colcon.colcon_core.shell:Skip shell extension 'dsv' for command environment
[3.266s] DEBUG:colcon.colcon_core.task.python.build:Available setuptools commands: bdist_dumb, upload, install_egg_info, develop, upload_docs, saveopts, clean, install, alias, build, update_catalog, compile_catalog, bdist_rpm, install_scripts, build_scripts, check, bdist_wheel, rotate, bdist_egg, build_clib, egg_info, test, bdist, extract_messages, install_lib, setopt, register, symlink_data, easy_install, install_headers, install_data, build_ext, dist_info, editable_wheel, init_catalog, build_py, sdist
[3.271s] DEBUG:colcon.colcon_core.event_handler.log_command:Invoking command in '/home/kevin-lianhu/student-robotics-training-WK2/robot_ws/src/student_robotics': PYTHONPATH=/home/kevin-lianhu/student-robotics-training-WK2/robot_ws/build/student_robotics/prefix_override:/usr/lib/python3/dist-packages/colcon_core/task/python/colcon_distutils_commands:/home/kevin-lianhu/student-robotics-training-WK2/robot_ws/install/student_robotics/lib/python3.12/site-packages:${PYTHONPATH} /usr/bin/python3 -W ignore:setup.py install is deprecated -W ignore:easy_install command is deprecated setup.py egg_info --egg-base ../../build/student_robotics build --build-base /home/kevin-lianhu/student-robotics-training-WK2/robot_ws/build/student_robotics/build install --record /home/kevin-lianhu/student-robotics-training-WK2/robot_ws/build/student_robotics/install.log --install-scripts $base/lib/student_robotics --single-version-externally-managed install_data
[4.318s] DEBUG:colcon.colcon_core.event_handler.log_command:Invoked command in '/home/kevin-lianhu/student-robotics-training-WK2/robot_ws/src/student_robotics' returned '0': PYTHONPATH=/home/kevin-lianhu/student-robotics-training-WK2/robot_ws/build/student_robotics/prefix_override:/usr/lib/python3/dist-packages/colcon_core/task/python/colcon_distutils_commands:/home/kevin-lianhu/student-robotics-training-WK2/robot_ws/install/student_robotics/lib/python3.12/site-packages:${PYTHONPATH} /usr/bin/python3 -W ignore:setup.py install is deprecated -W ignore:easy_install command is deprecated setup.py egg_info --egg-base ../../build/student_robotics build --build-base /home/kevin-lianhu/student-robotics-training-WK2/robot_ws/build/student_robotics/build install --record /home/kevin-lianhu/student-robotics-training-WK2/robot_ws/build/student_robotics/install.log --install-scripts $base/lib/student_robotics --single-version-externally-managed install_data
[4.327s] Level 1:colcon.colcon_core.environment:checking '/home/kevin-lianhu/student-robotics-training-WK2/robot_ws/install/student_robotics' for CMake module files
[4.328s] Level 1:colcon.colcon_core.environment:checking '/home/kevin-lianhu/student-robotics-training-WK2/robot_ws/install/student_robotics' for CMake config files
[4.328s] Level 1:colcon.colcon_core.environment:checking '/home/kevin-lianhu/student-robotics-training-WK2/robot_ws/install/student_robotics/lib'
[4.329s] Level 1:colcon.colcon_core.environment:checking '/home/kevin-lianhu/student-robotics-training-WK2/robot_ws/install/student_robotics/bin'
[4.329s] Level 1:colcon.colcon_core.environment:checking '/home/kevin-lianhu/student-robotics-training-WK2/robot_ws/install/student_robotics/lib/pkgconfig/student_robotics.pc'
[4.329s] Level 1:colcon.colcon_core.environment:checking '/home/kevin-lianhu/student-robotics-training-WK2/robot_ws/install/student_robotics/lib/python3.12/site-packages'
[4.329s] Level 1:colcon.colcon_core.shell:create_environment_hook('student_robotics', 'pythonpath')
[4.330s] INFO:colcon.colcon_core.shell:Creating environment hook '/home/kevin-lianhu/student-robotics-training-WK2/robot_ws/install/student_robotics/share/student_robotics/hook/pythonpath.ps1'
[4.331s] INFO:colcon.colcon_core.shell:Creating environment descriptor '/home/kevin-lianhu/student-robotics-training-WK2/robot_ws/install/student_robotics/share/student_robotics/hook/pythonpath.dsv'
[4.331s] INFO:colcon.colcon_core.shell:Creating environment hook '/home/kevin-lianhu/student-robotics-training-WK2/robot_ws/install/student_robotics/share/student_robotics/hook/pythonpath.sh'
[4.333s] Level 1:colcon.colcon_core.environment:checking '/home/kevin-lianhu/student-robotics-training-WK2/robot_ws/install/student_robotics/bin'
[4.333s] Level 1:colcon.colcon_core.environment:create_environment_scripts_only(student_robotics)
[4.334s] INFO:colcon.colcon_core.shell:Creating package script '/home/kevin-lianhu/student-robotics-training-WK2/robot_ws/install/student_robotics/share/student_robotics/package.ps1'
[4.335s] INFO:colcon.colcon_core.shell:Creating package descriptor '/home/kevin-lianhu/student-robotics-training-WK2/robot_ws/install/student_robotics/share/student_robotics/package.dsv'
[4.337s] INFO:colcon.colcon_core.shell:Creating package script '/home/kevin-lianhu/student-robotics-training-WK2/robot_ws/install/student_robotics/share/student_robotics/package.sh'
[4.338s] INFO:colcon.colcon_core.shell:Creating package script '/home/kevin-lianhu/student-robotics-training-WK2/robot_ws/install/student_robotics/share/student_robotics/package.bash'
[4.342s] INFO:colcon.colcon_core.shell:Creating package script '/home/kevin-lianhu/student-robotics-training-WK2/robot_ws/install/student_robotics/share/student_robotics/package.zsh'
[4.344s] Level 1:colcon.colcon_core.environment:create_file_with_runtime_dependencies(/home/kevin-lianhu/student-robotics-training-WK2/robot_ws/install/student_robotics/share/colcon-core/packages/student_robotics)
[4.345s] DEBUG:colcon.colcon_parallel_executor.executor.parallel:closing loop
[4.345s] DEBUG:colcon.colcon_parallel_executor.executor.parallel:loop closed
[4.345s] DEBUG:colcon.colcon_parallel_executor.executor.parallel:run_until_complete finished with '0'
[4.345s] DEBUG:colcon.colcon_core.event_reactor:joining thread
[4.624s] INFO:colcon.colcon_core.plugin_system:Skipping extension 'colcon_notification.desktop_notification.notify_send': Could not find 'notify-send'
[4.625s] INFO:colcon.colcon_core.plugin_system:Skipping extension 'colcon_notification.desktop_notification.terminal_notifier': Not used on non-Darwin systems
[4.625s] INFO:colcon.colcon_core.plugin_system:Skipping extension 'colcon_notification.desktop_notification.win32': Not used on non-Windows systems
[4.625s] INFO:colcon.colcon_notification.desktop_notification:Sending desktop notification using 'notify2'
[4.663s] DEBUG:colcon.colcon_notification.desktop_notification.notify2:Failed to initialize notify2: org.freedesktop.DBus.Error.ServiceUnknown: The name org.freedesktop.Notifications was not provided by any .service files
[4.663s] DEBUG:colcon.colcon_core.event_reactor:joined thread
[4.664s] INFO:colcon.colcon_core.shell:Creating prefix script '/home/kevin-lianhu/student-robotics-training-WK2/robot_ws/install/local_setup.ps1'
[4.665s] INFO:colcon.colcon_core.shell:Creating prefix util module '/home/kevin-lianhu/student-robotics-training-WK2/robot_ws/install/_local_setup_util_ps1.py'
[4.667s] INFO:colcon.colcon_core.shell:Creating prefix chain script '/home/kevin-lianhu/student-robotics-training-WK2/robot_ws/install/setup.ps1'
[4.669s] INFO:colcon.colcon_core.shell:Creating prefix script '/home/kevin-lianhu/student-robotics-training-WK2/robot_ws/install/local_setup.sh'
[4.670s] INFO:colcon.colcon_core.shell:Creating prefix util module '/home/kevin-lianhu/student-robotics-training-WK2/robot_ws/install/_local_setup_util_sh.py'
[4.671s] INFO:colcon.colcon_core.shell:Creating prefix chain script '/home/kevin-lianhu/student-robotics-training-WK2/robot_ws/install/setup.sh'
[4.673s] INFO:colcon.colcon_core.shell:Creating prefix script '/home/kevin-lianhu/student-robotics-training-WK2/robot_ws/install/local_setup.bash'
[4.674s] INFO:colcon.colcon_core.shell:Creating prefix chain script '/home/kevin-lianhu/student-robotics-training-WK2/robot_ws/install/setup.bash'
[4.675s] INFO:colcon.colcon_core.shell:Creating prefix script '/home/kevin-lianhu/student-robotics-training-WK2/robot_ws/install/local_setup.zsh'
[4.676s] INFO:colcon.colcon_core.shell:Creating prefix chain script '/home/kevin-lianhu/student-robotics-training-WK2/robot_ws/install/setup.zsh'
