running egg_info
writing ../../build/student_robotics/student_robotics.egg-info/PKG-INFO
writing dependency_links to ../../build/student_robotics/student_robotics.egg-info/dependency_links.txt
writing entry points to ../../build/student_robotics/student_robotics.egg-info/entry_points.txt
writing requirements to ../../build/student_robotics/student_robotics.egg-info/requires.txt
writing top-level names to ../../build/student_robotics/student_robotics.egg-info/top_level.txt
reading manifest file '../../build/student_robotics/student_robotics.egg-info/SOURCES.txt'
writing manifest file '../../build/student_robotics/student_robotics.egg-info/SOURCES.txt'
running build
running build_py
copying student_robotics/status_publisher.py -> /home/kevin-lianhu/student-robotics-training-WK2/robot_ws/build/student_robotics/build/lib/student_robotics
running install
running install_lib
copying /home/kevin-lianhu/student-robotics-training-WK2/robot_ws/build/student_robotics/build/lib/student_robotics/status_publisher.py -> /home/kevin-lianhu/student-robotics-training-WK2/robot_ws/install/student_robotics/lib/python3.12/site-packages/student_robotics
byte-compiling /home/kevin-lianhu/student-robotics-training-WK2/robot_ws/install/student_robotics/lib/python3.12/site-packages/student_robotics/status_publisher.py to status_publisher.cpython-312.pyc
  File "/home/kevin-lianhu/student-robotics-training-WK2/robot_ws/install/student_robotics/lib/python3.12/site-packages/student_robotics/status_publisher.py", line 63
    finally:
    ^^^^^^^
SyntaxError: invalid syntax

running install_data
running install_egg_info
removing '/home/kevin-lianhu/student-robotics-training-WK2/robot_ws/install/student_robotics/lib/python3.12/site-packages/student_robotics-0.0.0-py3.12.egg-info' (and everything under it)
Copying ../../build/student_robotics/student_robotics.egg-info to /home/kevin-lianhu/student-robotics-training-WK2/robot_ws/install/student_robotics/lib/python3.12/site-packages/student_robotics-0.0.0-py3.12.egg-info
running install_scripts
Installing my_node script to /home/kevin-lianhu/student-robotics-training-WK2/robot_ws/install/student_robotics/lib/student_robotics
Installing status_publisher script to /home/kevin-lianhu/student-robotics-training-WK2/robot_ws/install/student_robotics/lib/student_robotics
Installing status_subscriber script to /home/kevin-lianhu/student-robotics-training-WK2/robot_ws/install/student_robotics/lib/student_robotics
writing list of installed files to '/home/kevin-lianhu/student-robotics-training-WK2/robot_ws/build/student_robotics/install.log'
